 Segment   Offset    Size      VirtAddr  Type      Flags
  00       0x0038    0x0015    0x0100    CODE      R X
  01       0x004d    0x000b    0x0200    DATA      RW 
